─────┬──────────────────────────────────────────────────────────────────────────
     │ File: Cargo.toml
─────┼──────────────────────────────────────────────────────────────────────────
   1 │ [workspace]
   2 │ members = [
   3 │     "spine-c", "spine-rs", "spinelib"
   4 │ ]
   5 │ resolver = "3"
   6 │ 
   7 │ [workspace.dependencies]
   8 │ spine-rs = { path = "spine-rs", version = "0.1.0"}
─────┴──────────────────────────────────────────────────────────────────────────
─────┬──────────────────────────────────────────────────────────────────────────
     │ File: spine-rs/Cargo.toml
─────┼──────────────────────────────────────────────────────────────────────────
   1 │ [package]
   2 │ name = "spine-rs"
   3 │ version = "0.1.0"
   4 │ edition = "2024"
   5 │ 
   6 │ [dependencies]
   7 │ farben = "0.18.1"
   8 │ unicode-width = "0.2.2"
─────┴──────────────────────────────────────────────────────────────────────────
─────┬──────────────────────────────────────────────────────────────────────────
     │ File: spine-rs/src/lib.rs
─────┼──────────────────────────────────────────────────────────────────────────
   1 │ pub mod value;
   2 │ pub use value::Value;
   3 │ 
   4 │ pub mod token;
   5 │ pub use token::{SpannedToken, Token};
   6 │ 
   7 │ pub mod lexer;
   8 │ pub use lexer::Lexer;
   9 │ 
  10 │ pub mod parser;
  11 │ pub use parser::Parser;
  12 │ 
  13 │ #[cfg(test)]
  14 │ mod tests;
─────┴──────────────────────────────────────────────────────────────────────────
─────┬──────────────────────────────────────────────────────────────────────────
     │ File: spine-rs/src/lexer.rs
─────┼──────────────────────────────────────────────────────────────────────────
   1 │ use crate::{SpannedToken, Token};
   2 │ 
   3 │ pub struct Lexer {
   4 │     input: Vec<char>,
   5 │     pos: usize,
   6 │     line_pipes: usize,
   7 │     line: usize,
   8 │     col: usize,
   9 │     after_value_start: bool,
  10 │ }
  11 │ 
  12 │ impl Lexer {
  13 │     #[must_use]
  14 │     pub fn new(input: &str) -> Self {
  15 │         Self {
  16 │             input: input.chars().collect(),
  17 │             pos: 0,
  18 │             line_pipes: 0,
  19 │             line: 1,
  20 │             col: 1,
  21 │             after_value_start: false,
  22 │         }
  23 │     }
  24 │ 
  25 │     fn peek(&self) -> Option<char> {
  26 │         self.input.get(self.pos).copied()
  27 │     }
  28 │ 
  29 │     fn advance(&mut self) -> Option<char> {
  30 │         let c = self.input.get(self.pos).copied();
  31 │         self.pos += 1;
  32 │         match c {
  33 │             Some('\n') => {
  34 │                 self.line += 1;
  35 │                 self.col = 1;
  36 │             }
  37 │             Some(_) => {
  38 │                 self.col += 1;
  39 │             }
  40 │             None => {}
  41 │         }
  42 │         c
  43 │     }
  44 │ 
  45 │     const fn is_at_end(&self) -> bool {
  46 │         self.pos >= self.input.len()
  47 │     }
  48 │ 
  49 │     fn skip_line_comment(&mut self) -> Token {
  50 │         self.advance();
  51 │         let mut content = String::new();
  52 │         while let Some(c) = self.peek() {
  53 │             if c == '\n' {
  54 │                 break;
  55 │             }
  56 │             content.push(c);
  57 │             self.advance();
  58 │         }
  59 │         Token::LineComment(content.trim().to_string())
  60 │     }
  61 │ 
  62 │     fn skip_block_comment(&mut self) -> Token {
  63 │         let start_line = self.line;
  64 │         let start_col = self.col;
  65 │         self.advance();
  66 │         self.advance();
  67 │         let mut content = String::new();
  68 │         let mut depth = 1;
  69 │         while !self.is_at_end() {
  70 │             match (self.peek(), self.input.get(self.pos + 1).copied()) {
  71 │                 (Some('/'), Some('*')) => {
  72 │                     depth += 1;
  73 │                     content.push_str("/*");
  74 │                     self.advance();
  75 │                     self.advance();
  76 │                 }
  77 │                 (Some('*'), Some('/')) => {
  78 │                     depth -= 1;
  79 │                     self.advance();
  80 │                     self.advance();
  81 │                     if depth == 0 {
  82 │                         return Token::BlockComment(content.trim().to_string());
  83 │                     }
  84 │                     content.push_str("*/");
  85 │                 }
  86 │                 #[allow(unused_assignments)]
  87 │                 (Some(c), _) => {
  88 │                     content.push(c);
  89 │                     self.advance();
  90 │                 }
  91 │                 _ => break,
  92 │             }
  93 │         }
  94 │         Token::Error(format!(
  95 │             "{start_line}:{start_col} unterminated block comment"
  96 │         ))
  97 │     }
  98 │ 
  99 │     fn lex_string(&mut self) -> Token {
 100 │         self.after_value_start = false;
 101 │         let start_line = self.line;
 102 │         let start_col = self.col;
 103 │         self.advance();
 104 │ 
 105 │         if self.peek() == Some('"') {
 106 │             self.advance();
 107 │             if self.peek() == Some('"') {
 108 │                 self.advance();
 109 │                 return self.lex_multiline_string();
 110 │             }
 111 │             return Token::Str(String::new());
 112 │         }
 113 │ 
 114 │         let mut s = String::new();
 115 │         while let Some(c) = self.peek() {
 116 │             match c {
 117 │                 '"' => {
 118 │                     self.advance();
 119 │                     return Token::Str(s);
 120 │                 }
 121 │                 '\n' => {
 122 │                     return Token::Error(format!("{start_line}:{start_col} unterminated string"));
 123 │                 }
 124 │                 '\\' => {
 125 │                     self.advance();
 126 │                     match self.advance() {
 127 │                         Some('n') => s.push('\n'),
 128 │                         Some('t') => s.push('\t'),
 129 │                         Some('\\') => s.push('\\'),
 130 │                         Some('"') => s.push('"'),
 131 │                         _ => {}
 132 │                     }
 133 │                 }
 134 │                 _ => {
 135 │                     s.push(c);
 136 │                     self.advance();
 137 │                 }
 138 │             }
 139 │         }
 140 │         Token::Error(format!("{start_line}:{start_col} unterminated string"))
 141 │     }
 142 │ 
 143 │     fn lex_multiline_string(&mut self) -> Token {
 144 │         let depth = self.line_pipes;
 145 │         let start_line = self.line;
 146 │         let start_col = self.col;
 147 │ 
 148 │         while let Some(c) = self.peek() {
 149 │             if c == '\n' {
 150 │                 self.advance();
 151 │                 break;
 152 │             }
 153 │             self.advance();
 154 │         }
 155 │ 
 156 │         let mut lines = Vec::new();
 157 │ 
 158 │         loop {
 159 │             if self.is_at_end() {
 160 │                 return Token::Error(format!(
 161 │                     "{start_line}:{start_col} unterminated multiline string"
 162 │                 ));
 163 │             }
 164 │ 
 165 │             let saved = self.pos;
 166 │ 
 167 │             let mut pipes = 0;
 168 │             while let Some(c) = self.peek() {
 169 │                 if c == ' ' || c == '\t' {
 170 │                     self.advance();
 171 │                 } else if c == '|' && pipes < depth {
 172 │                     pipes += 1;
 173 │                     self.advance();
 174 │                 } else {
 175 │                     break;
 176 │                 }
 177 │             }
 178 │             if self.peek() == Some(' ') {
 179 │                 self.advance();
 180 │             }
 181 │ 
 182 │             if self.peek() == Some('"')
 183 │                 && self.input.get(self.pos + 1).copied() == Some('"')
 184 │                 && self.input.get(self.pos + 2).copied() == Some('"')
 185 │             {
 186 │                 self.advance();
 187 │                 self.advance();
 188 │                 self.advance();
 189 │                 break;
 190 │             }
 191 │ 
 192 │             self.pos = saved;
 193 │             let mut line = String::new();
 194 │             while let Some(c) = self.peek() {
 195 │                 if c == '\n' {
 196 │                     self.advance();
 197 │                     break;
 198 │                 }
 199 │                 line.push(c);
 200 │                 self.advance();
 201 │             }
 202 │ 
 203 │             let stripped = strip_leading_pipes(&line, depth);
 204 │             lines.push(stripped);
 205 │         }
 206 │ 
 207 │         Token::Str(lines.join("\n"))
 208 │     }
 209 │ 
 210 │     fn lex_number(&mut self) -> Token {
 211 │         let mut s = String::new();
 212 │         while let Some(c) = self.peek() {
 213 │             if c.is_ascii_digit() || c == '.' {
 214 │                 s.push(c);
 215 │                 self.advance();
 216 │             } else {
 217 │                 break;
 218 │             }
 219 │         }
 220 │ 
 221 │         if self.after_value_start {
 222 │             while let Some(c) = self.peek() {
 223 │                 if c == '\n' || c == '#' {
 224 │                     break;
 225 │                 }
 226 │                 s.push(c);
 227 │                 self.advance();
 228 │             }
 229 │             self.after_value_start = false;
 230 │             return Token::Str(s.trim_end().to_string());
 231 │         }
 232 │ 
 233 │         if let Some(c) = self.peek()
 234 │             && c.is_alphabetic()
 235 │         {
 236 │             while let Some(c) = self.peek() {
 237 │                 if c.is_alphanumeric() {
 238 │                     s.push(c);
 239 │                     self.advance();
 240 │                 } else {
 241 │                     break;
 242 │                 }
 243 │             }
 244 │             return Token::Str(s);
 245 │         }
 246 │ 
 247 │         Token::Number(s.parse().unwrap_or(0.0))
 248 │     }
 249 │ 
 250 │     fn lex_ident_or_keyword(&mut self) -> Token {
 251 │         let mut s = String::new();
 252 │         while let Some(c) = self.peek() {
 253 │             if c.is_alphanumeric() || c == '_' || c == '-' {
 254 │                 s.push(c);
 255 │                 self.advance();
 256 │             } else {
 257 │                 break;
 258 │             }
 259 │         }
 260 │ 
 261 │         if self.peek() == Some('"') {
 262 │             self.advance();
 263 │             let mut content = String::new();
 264 │             while let Some(c) = self.peek() {
 265 │                 if c == '"' {
 266 │                     self.advance();
 267 │                     break;
 268 │                 }
 269 │                 content.push(c);
 270 │                 self.advance();
 271 │             }
 272 │             return Token::Tagged(s, content);
 273 │         }
 274 │ 
 275 │         if self.peek() == Some('.')
 276 │             && let Some(&next) = self.input.get(self.pos + 1)
 277 │             && next.is_alphabetic()
 278 │         {
 279 │             let mut lookahead = self.pos + 1;
 280 │             while let Some(&c) = self.input.get(lookahead) {
 281 │                 if c.is_alphanumeric() || c == '_' || c == '-' {
 282 │                     lookahead += 1;
 283 │                 } else {
 284 │                     break;
 285 │                 }
 286 │             }
 287 │             if self.input.get(lookahead) == Some(&'"') {
 288 │                 self.advance();
 289 │                 let mut tag_suffix = String::new();
 290 │                 while let Some(c) = self.peek() {
 291 │                     if c.is_alphanumeric() || c == '_' || c == '-' {
 292 │                         tag_suffix.push(c);
 293 │                         self.advance();
 294 │                     } else {
 295 │                         break;
 296 │                     }
 297 │                 }
 298 │                 let full_tag = format!("{s}.{tag_suffix}");
 299 │                 self.advance();
 300 │                 let mut content = String::new();
 301 │                 while let Some(c) = self.peek() {
 302 │                     if c == '"' {
 303 │                         self.advance();
 304 │                         break;
 305 │                     }
 306 │                     content.push(c);
 307 │                     self.advance();
 308 │                 }
 309 │                 return Token::Tagged(full_tag, content);
 310 │             }
 311 │         }
 312 │ 
 313 │         if self.after_value_start {
 314 │             while let Some(c) = self.peek() {
 315 │                 if c == '\n' || c == '#' {
 316 │                     break;
 317 │                 }
 318 │                 s.push(c);
 319 │                 self.advance();
 320 │             }
 321 │             self.after_value_start = false;
 322 │             return Token::Str(s.trim_end().to_string());
 323 │         }
 324 │ 
 325 │         match s.as_str() {
 326 │             "true" => Token::Bool(true),
 327 │             "false" => Token::Bool(false),
 328 │             "null" => Token::Null,
 329 │             _ => Token::Ident(s),
 330 │         }
 331 │     }
 332 │ 
 333 │     #[allow(clippy::missing_panics_doc)]
 334 │     pub fn tokenize(&mut self) -> Vec<SpannedToken> {
 335 │         let mut tokens = Vec::new();
 336 │ 
 337 │         while !self.is_at_end() {
 338 │             let line = self.line;
 339 │             let col = self.col;
 340 │             match self.peek().unwrap() {
 341 │                 ' ' | '\t' => {
 342 │                     self.advance();
 343 │                     continue;
 344 │                 }
 345 │                 '\n' => {
 346 │                     self.after_value_start = false;
 347 │                     tokens.push((Token::Newline, line, col));
 348 │                     self.advance();
 349 │                     self.line_pipes = 0;
 350 │                     let mut lookahead = self.pos;
 351 │                     while let Some(&c) = self.input.get(lookahead) {
 352 │                         match c {
 353 │                             '|' => {
 354 │                                 self.line_pipes += 1;
 355 │                                 lookahead += 1;
 356 │                             }
 357 │                             ' ' | '\t' => {
 358 │                                 lookahead += 1;
 359 │                             }
 360 │                             _ => break,
 361 │                         }
 362 │                     }
 363 │                 }
 364 │                 '|' => {
 365 │                     self.line_pipes += 1;
 366 │                     tokens.push((Token::Pipe, line, col));
 367 │                     self.advance();
 368 │                 }
 369 │                 '=' => {
 370 │                     self.after_value_start = true;
 371 │                     tokens.push((Token::Equals, line, col));
 372 │                     self.advance();
 373 │                 }
 374 │                 '~' => {
 375 │                     tokens.push((Token::Tilde, line, col));
 376 │                     self.advance();
 377 │                 }
 378 │                 '-' => {
 379 │                     tokens.push((Token::Dash, line, col));
 380 │                     self.advance();
 381 │                     self.after_value_start = true;
 382 │                 }
 383 │                 '.' => {
 384 │                     tokens.push((Token::Dot, line, col));
 385 │                     self.advance();
 386 │                 }
 387 │                 '#' => tokens.push((self.skip_line_comment(), line, col)),
 388 │                 '/' => {
 389 │                     if self.input.get(self.pos + 1).copied() == Some('*') {
 390 │                         tokens.push((self.skip_block_comment(), line, col));
 391 │                     } else {
 392 │                         tokens.push((self.lex_ident_or_keyword(), line, col));
 393 │                     }
 394 │                 }
 395 │                 '"' => tokens.push((self.lex_string(), line, col)),
 396 │                 c if c.is_ascii_digit() => tokens.push((self.lex_number(), line, col)),
 397 │                 c if c.is_alphabetic() || c == '_' => {
 398 │                     tokens.push((self.lex_ident_or_keyword(), line, col));
 399 │                 }
 400 │                 _ => {
 401 │                     let c = self.peek().unwrap();
 402 │                     self.advance();
 403 │                     tokens.push((Token::Unknown(c), line, col));
 404 │                 }
 405 │             }
 406 │         }
 407 │ 
 408 │         tokens
 409 │     }
 410 │ }
 411 │ 
 412 │ fn strip_leading_pipes(line: &str, depth: usize) -> String {
 413 │     let mut chars = line.chars().peekable();
 414 │     let mut stripped = 0;
 415 │     while stripped < depth {
 416 │         match chars.peek() {
 417 │             Some(' ' | '\t') => {
 418 │                 chars.next();
 419 │             }
 420 │             Some('|') => {
 421 │                 chars.next();
 422 │                 stripped += 1;
 423 │             }
 424 │             _ => break,
 425 │         }
 426 │     }
 427 │     if chars.peek() == Some(&' ') {
 428 │         chars.next();
 429 │     }
 430 │     chars.collect()
 431 │ }
─────┴──────────────────────────────────────────────────────────────────────────
─────┬──────────────────────────────────────────────────────────────────────────
     │ File: spine-rs/src/value.rs
─────┼──────────────────────────────────────────────────────────────────────────
   1 │ #[derive(Debug, Default, PartialEq)]
   2 │ pub enum Value {
   3 │     #[default]
   4 │     Null,
   5 │     Bool(bool),
   6 │     Number(f64),
   7 │     String(String),
   8 │     Array(Vec<Self>),
   9 │     Object(Vec<(String, Self)>),
  10 │     Tagged(String, String),
  11 │ }
─────┴──────────────────────────────────────────────────────────────────────────
─────┬──────────────────────────────────────────────────────────────────────────
     │ File: spine-rs/src/parser.rs
─────┼──────────────────────────────────────────────────────────────────────────
   1 │ use crate::{SpannedToken, Token, Value};
   2 │ 
   3 │ use farben::prelude::*;
   4 │ use unicode_width::UnicodeWidthStr;
   5 │ 
   6 │ type Spans = std::collections::HashMap<String, (usize, usize, String)>;
   7 │ 
   8 │ pub struct Parser {
   9 │     tokens: Vec<SpannedToken>,
  10 │     pos: usize,
  11 │     pub errors: Vec<String>,
  12 │     source: Option<String>,
  13 │     source_lines: Vec<String>,
  14 │ }
  15 │ 
  16 │ impl Parser {
  17 │     #[must_use]
  18 │     pub fn new(tokens: Vec<SpannedToken>, source_text: &str) -> Self {
  19 │         Self {
  20 │             tokens,
  21 │             pos: 0,
  22 │             errors: Vec::new(),
  23 │             source: None,
  24 │             source_lines: source_text
  25 │                 .lines()
  26 │                 .map(std::string::ToString::to_string)
  27 │                 .collect(),
  28 │         }
  29 │     }
  30 │ 
  31 │     #[must_use]
  32 │     pub fn with_source(mut self, source: &str) -> Self {
  33 │         self.source = Some(source.to_string());
  34 │         self
  35 │     }
  36 │ 
  37 │     fn get_source_line(&self, line: usize) -> &str {
  38 │         self.source_lines
  39 │             .get(line.saturating_sub(1))
  40 │             .map_or("", std::string::String::as_str)
  41 │     }
  42 │ 
  43 │     fn peek(&self) -> Option<&Token> {
  44 │         self.tokens.get(self.pos).map(|(t, _, _)| t)
  45 │     }
  46 │ 
  47 │     fn peek_span(&self) -> Option<(usize, usize)> {
  48 │         self.tokens.get(self.pos).map(|(_, l, c)| (*l, *c))
  49 │     }
  50 │ 
  51 │     fn advance(&mut self) -> Option<&Token> {
  52 │         let t = self.tokens.get(self.pos).map(|(t, _, _)| t);
  53 │         self.pos += 1;
  54 │         t
  55 │     }
  56 │ 
  57 │     fn skip_newlines(&mut self) {
  58 │         while self.peek() == Some(&Token::Newline) {
  59 │             self.advance();
  60 │         }
  61 │     }
  62 │ 
  63 │     fn skip_comments_and_newlines(&mut self) {
  64 │         while let Some(Token::Newline | Token::LineComment(_) | Token::BlockComment(_)) =
  65 │             self.peek()
  66 │         {
  67 │             self.advance();
  68 │         }
  69 │     }
  70 │ 
  71 │     fn current_depth(&self) -> usize {
  72 │         let mut depth = 0;
  73 │         let mut lookahead = self.pos;
  74 │         while let Some((Token::Pipe, _, _)) = self.tokens.get(lookahead) {
  75 │             depth += 1;
  76 │             lookahead += 1;
  77 │         }
  78 │         depth
  79 │     }
  80 │ 
  81 │     fn consume_pipes(&mut self, depth: usize) {
  82 │         for _ in 0..depth {
  83 │             self.advance();
  84 │         }
  85 │     }
  86 │ 
  87 │     fn parse_statement(
  88 │         &mut self,
  89 │         fields: &mut Vec<(String, Value)>,
  90 │         spans: &mut Spans,
  91 │         depth: usize,
  92 │     ) {
  93 │         if self.current_depth() < depth {
  94 │             return;
  95 │         }
  96 │         self.consume_pipes(depth);
  97 │ 
  98 │         match self.peek().cloned() {
  99 │             Some(Token::Tilde) => {
 100 │                 let (line, col) = self.peek_span().unwrap_or((0, 0));
 101 │                 self.advance();
 102 │                 self.parse_append(fields, spans, depth, line, col);
 103 │             }
 104 │             Some(Token::Ident(name)) => {
 105 │                 let (line, col) = self.peek_span().unwrap_or((0, 0));
 106 │                 self.advance();
 107 │                 self.parse_ident(name, fields, spans, depth, line, col);
 108 │             }
 109 │             _ => {
 110 │                 self.advance();
 111 │             }
 112 │         }
 113 │     }
 114 │ 
 115 │     fn parse_ident(
 116 │         &mut self,
 117 │         name: String,
 118 │         fields: &mut Vec<(String, Value)>,
 119 │         spans: &mut Spans,
 120 │         depth: usize,
 121 │         line: usize,
 122 │         col: usize,
 123 │     ) {
 124 │         match self.peek().cloned() {
 125 │             Some(Token::Dot) => {
 126 │                 self.advance();
 127 │                 if let Some(Token::Ident(next)) = self.peek().cloned() {
 128 │                     self.advance();
 129 │                     let mut child_fields = Vec::new();
 130 │                     let mut child_spans = Spans::new();
 131 │                     self.parse_ident(next, &mut child_fields, &mut child_spans, depth, line, col);
 132 │                     self.merge_into(
 133 │                         fields,
 134 │                         spans,
 135 │                         name,
 136 │                         Value::Object(child_fields),
 137 │                         line,
 138 │                         col,
 139 │                         depth,
 140 │                     );
 141 │                 }
 142 │             }
 143 │             Some(Token::Equals) => {
 144 │                 self.advance();
 145 │                 let value = self.parse_value();
 146 │                 self.skip_newlines();
 147 │                 self.merge_into(fields, spans, name, value, line, col, depth);
 148 │             }
 149 │             Some(Token::Newline) | None => {
 150 │                 self.skip_newlines();
 151 │ 
 152 │                 let is_array = self.is_array_block(depth + 1);
 153 │ 
 154 │                 if is_array {
 155 │                     let mut entries = Vec::new();
 156 │                     while self.current_depth() == depth + 1 {
 157 │                         self.consume_pipes(depth + 1);
 158 │                         match self.peek().cloned() {
 159 │                             Some(Token::Dash) => {
 160 │                                 self.advance();
 161 │                                 self.skip_newlines();
 162 │ 
 163 │                                 if self.current_depth() == depth + 2 {
 164 │                                     let mut child_fields = Vec::new();
 165 │                                     let mut child_spans = Spans::new();
 166 │                                     while self.current_depth() == depth + 2 {
 167 │                                         self.parse_statement(
 168 │                                             &mut child_fields,
 169 │                                             &mut child_spans,
 170 │                                             depth + 2,
 171 │                                         );
 172 │                                         self.skip_comments_and_newlines();
 173 │                                     }
 174 │                                     entries.push(Value::Object(child_fields));
 175 │                                 } else {
 176 │                                     match self.peek().cloned() {
 177 │                                         Some(Token::Newline) | None => entries.push(Value::Null),
 178 │                                         Some(Token::Ident(name)) => {
 179 │                                             let (line, col) = self.peek_span().unwrap_or((0, 0));
 180 │                                             self.advance();
 181 │ 
 182 │                                             let has_children = match self.peek() {
 183 │                                                 Some(Token::Equals | Token::Dot) => true,
 184 │                                                 Some(Token::Newline) | None => {
 185 │                                                     let mut lookahead = self.pos;
 186 │                                                     while let Some((
 187 │                                                         Token::Newline
 188 │                                                         | Token::LineComment(_)
 189 │                                                         | Token::BlockComment(_),
 190 │                                                         _,
 191 │                                                         _,
 192 │                                                     )) = self.tokens.get(lookahead)
 193 │                                                     {
 194 │                                                         lookahead += 1;
 195 │                                                     }
 196 │                                                     let mut next_depth = 0;
 197 │                                                     while let Some((Token::Pipe, _, _)) =
 198 │                                                         self.tokens.get(lookahead)
 199 │                                                     {
 200 │                                                         next_depth += 1;
 201 │                                                         lookahead += 1;
 202 │                                                     }
 203 │                                                     next_depth == depth + 2
 204 │                                                 }
 205 │                                                 _ => false,
 206 │                                             };
 207 │ 
 208 │                                             if has_children {
 209 │                                                 let mut temp_fields = Vec::new();
 210 │                                                 let mut temp_spans = Spans::new();
 211 │                                                 self.parse_ident(
 212 │                                                     name,
 213 │                                                     &mut temp_fields,
 214 │                                                     &mut temp_spans,
 215 │                                                     depth + 1,
 216 │                                                     line,
 217 │                                                     col,
 218 │                                                 );
 219 │                                                 entries.push(Value::Object(temp_fields));
 220 │                                             } else {
 221 │                                                 entries.push(Value::String(name));
 222 │                                             }
 223 │                                         }
 224 │                                         _ => {
 225 │                                             let v = self.parse_value();
 226 │                                             entries.push(v);
 227 │                                         }
 228 │                                     }
 229 │                                 }
 230 │                             }
 231 │                             Some(Token::Newline) => {
 232 │                                 self.advance();
 233 │                                 self.skip_comments_and_newlines();
 234 │                                 continue;
 235 │                             }
 236 │                             _ => break,
 237 │                         }
 238 │                         self.skip_comments_and_newlines();
 239 │                     }
 240 │                     self.merge_into(fields, spans, name, Value::Array(entries), line, col, depth);
 241 │                 } else {
 242 │                     let mut child_fields = Vec::new();
 243 │                     let mut child_spans = Spans::new();
 244 │                     while self.current_depth() == depth + 1 {
 245 │                         self.parse_statement(&mut child_fields, &mut child_spans, depth + 1);
 246 │                         self.skip_comments_and_newlines();
 247 │                     }
 248 │                     self.merge_into(
 249 │                         fields,
 250 │                         spans,
 251 │                         name,
 252 │                         Value::Object(child_fields),
 253 │                         line,
 254 │                         col,
 255 │                         depth,
 256 │                     );
 257 │                 }
 258 │             }
 259 │             _ => {}
 260 │         }
 261 │     }
 262 │ 
 263 │     fn is_array_block(&self, depth: usize) -> bool {
 264 │         let mut i = self.pos;
 265 │         let mut pipes = 0;
 266 │         while let Some((Token::Pipe, _, _)) = self.tokens.get(i) {
 267 │             pipes += 1;
 268 │             i += 1;
 269 │         }
 270 │         if pipes != depth {
 271 │             return false;
 272 │         }
 273 │         matches!(self.tokens.get(i), Some((Token::Dash, _, _)))
 274 │     }
 275 │ 
 276 │     fn parse_value(&mut self) -> Value {
 277 │         match self.peek().cloned() {
 278 │             Some(Token::Str(s) | Token::Ident(s)) => {
 279 │                 self.advance();
 280 │                 Value::String(s)
 281 │             }
 282 │             Some(Token::Number(n)) => {
 283 │                 self.advance();
 284 │                 Value::Number(n)
 285 │             }
 286 │             Some(Token::Bool(b)) => {
 287 │                 self.advance();
 288 │                 Value::Bool(b)
 289 │             }
 290 │             Some(Token::Null) => {
 291 │                 self.advance();
 292 │                 Value::Null
 293 │             }
 294 │             Some(Token::Tagged(tag, content)) => {
 295 │                 self.advance();
 296 │                 Value::Tagged(tag, content)
 297 │             }
 298 │             _ => Value::Null,
 299 │         }
 300 │     }
 301 │ 
 302 │     fn parse_append(
 303 │         &mut self,
 304 │         fields: &mut Vec<(String, Value)>,
 305 │         spans: &mut Spans,
 306 │         depth: usize,
 307 │         tilde_line: usize,
 308 │         tilde_col: usize,
 309 │     ) {
 310 │         let mut path = Vec::new();
 311 │         if let Some(Token::Ident(name)) = self.peek().cloned() {
 312 │             self.advance();
 313 │             path.push(name);
 314 │             while self.peek() == Some(&Token::Dot) {
 315 │                 self.advance();
 316 │                 if let Some(Token::Ident(next)) = self.peek().cloned() {
 317 │                     self.advance();
 318 │                     path.push(next);
 319 │                 } else {
 320 │                     break;
 321 │                 }
 322 │             }
 323 │         } else {
 324 │             return;
 325 │         }
 326 │ 
 327 │         self.skip_newlines();
 328 │ 
 329 │         let mut child_fields = Vec::new();
 330 │         let mut child_spans = Spans::new();
 331 │         while self.current_depth() == depth + 1 {
 332 │             self.parse_statement(&mut child_fields, &mut child_spans, depth + 1);
 333 │             self.skip_comments_and_newlines();
 334 │         }
 335 │ 
 336 │         let entry = if child_fields.is_empty() {
 337 │             Value::Null
 338 │         } else {
 339 │             Value::Object(child_fields)
 340 │         };
 341 │ 
 342 │         let (prefix, last) = path.split_at(path.len() - 1);
 343 │         let last = &last[0];
 344 │ 
 345 │         let mut temp_spans = Spans::new();
 346 │         let mut current_fields = fields;
 347 │         let mut current_spans: &mut Spans = spans;
 348 │         for segment in prefix {
 349 │             if !current_fields.iter().any(|(k, _)| k == segment) {
 350 │                 current_fields.push((segment.clone(), Value::Object(Vec::new())));
 351 │             }
 352 │             let existing = current_fields
 353 │                 .iter_mut()
 354 │                 .find(|(k, _)| k == segment)
 355 │                 .unwrap();
 356 │             if let Value::Object(ref mut inner) = existing.1 {
 357 │                 current_fields = inner;
 358 │                 current_spans = &mut temp_spans;
 359 │             } else {
 360 │                 let current_source = self.get_source_line(tilde_line).to_string();
 361 │                 let tilde_len: usize =
 362 │                     path.iter().map(std::string::String::len).sum::<usize>() + path.len();
 363 │                 let error = self.format_error(
 364 │                     "type-conflict",
 365 │                     &format!("'{segment}' is not an object"),
 366 │                     &[(
 367 │                         tilde_line,
 368 │                         tilde_col,
 369 │                         &current_source,
 370 │                         tilde_len,
 371 │                         Some("append attempted here"),
 372 │                     )],
 373 │                 );
 374 │                 self.errors.push(error);
 375 │                 return;
 376 │             }
 377 │         }
 378 │ 
 379 │         if let Some(existing) = current_fields.iter_mut().find(|(k, _)| k == last) {
 380 │             if let Value::Array(ref mut arr) = existing.1 {
 381 │                 arr.push(entry);
 382 │             } else {
 383 │                 let current_source = self.get_source_line(tilde_line).to_string();
 384 │                 let tilde_len: usize =
 385 │                     path.iter().map(std::string::String::len).sum::<usize>() + path.len();
 386 │                 let error = if let Some((first_line, first_col, first_source)) =
 387 │                     current_spans.get(last).cloned()
 388 │                 {
 389 │                     self.format_error(
 390 │                         "type-conflict",
 391 │                         &format!("'{last}' is not an array"),
 392 │                         &[
 393 │                             (
 394 │                                 first_line,
 395 │                                 first_col,
 396 │                                 first_source.as_str(),
 397 │                                 last.len(),
 398 │                                 Some("first defined here as scalar"),
 399 │                             ),
 400 │                             (
 401 │                                 tilde_line,
 402 │                                 tilde_col,
 403 │                                 &current_source,
 404 │                                 tilde_len,
 405 │                                 Some("append attempted here"),
 406 │                             ),
 407 │                         ],
 408 │                     )
 409 │                 } else {
 410 │                     self.format_error(
 411 │                         "type-conflict",
 412 │                         &format!("'{last}' is not an array"),
 413 │                         &[(
 414 │                             tilde_line,
 415 │                             tilde_col,
 416 │                             &current_source,
 417 │                             tilde_len,
 418 │                             Some("append attempted here"),
 419 │                         )],
 420 │                     )
 421 │                 };
 422 │                 self.errors.push(error);
 423 │             }
 424 │         } else {
 425 │             current_fields.push((last.clone(), Value::Array(vec![entry])));
 426 │         }
 427 │     }
 428 │ 
 429 │     #[allow(clippy::missing_errors_doc)]
 430 │     pub fn parse(&mut self) -> Result<Value, Vec<String>> {
 431 │         let mut fields: Vec<(String, Value)> = Vec::new();
 432 │         let mut spans = Spans::new();
 433 │ 
 434 │         if let Some((Token::Unknown(c), line, col)) = self
 435 │             .tokens
 436 │             .iter()
 437 │             .find(|(t, _, _)| matches!(t, Token::Unknown(_)))
 438 │         {
 439 │             let source = self.get_source_line(*line).to_string();
 440 │             let error = self.format_error(
 441 │                 "unexpected-character",
 442 │                 &format!("unexpected character '{c}', is this a Spine file?"),
 443 │                 &[(*line, *col, &source, 1, None)],
 444 │             );
 445 │             self.errors.push(error);
 446 │         }
 447 │ 
 448 │         if let Some((Token::Error(msg), line, col)) = self
 449 │             .tokens
 450 │             .iter()
 451 │             .find(|(t, _, _)| matches!(t, Token::Error(_)))
 452 │         {
 453 │             let source = self.get_source_line(*line).to_string();
 454 │             let error = self.format_error("lexer-error", msg, &[(*line, *col, &source, 1, None)]);
 455 │             self.errors.push(error);
 456 │         }
 457 │ 
 458 │         self.skip_comments_and_newlines();
 459 │ 
 460 │         while self.peek().is_some() {
 461 │             self.parse_statement(&mut fields, &mut spans, 0);
 462 │             self.skip_comments_and_newlines();
 463 │         }
 464 │ 
 465 │         if self.errors.is_empty() {
 466 │             Ok(Value::Object(fields))
 467 │         } else {
 468 │             Err(self.errors.clone())
 469 │         }
 470 │     }
 471 │ 
 472 │     // --- //
 473 │ 
 474 │     fn format_error(
 475 │         &self,
 476 │         kind: &str,
 477 │         message: &str,
 478 │         lines: &[(usize, usize, &str, usize, Option<&str>)],
 479 │     ) -> String {
 480 │         let filename = self.source.as_deref().unwrap_or("<input>");
 481 │ 
 482 │         let mut out = String::new();
 483 │ 
 484 │         out += &color_fmt!("[dim]┌─[/] [bold red]error[/red]: {}\n", kind);
 485 │         out += &color_fmt!("[dim]│[/]  [cyan]-->[/] {}\n", filename);
 486 │ 
 487 │         for (line, col, source_line, token_len, note) in lines {
 488 │             let gutter = format!("{line}:{col}");
 489 │ 
 490 │             out += &color_fmt!("[dim]├─[/] [cyan]{}[/] {}\n", gutter, source_line);
 491 │ 
 492 │             let start = col.saturating_sub(1);
 493 │             let mut caret_line = String::new();
 494 │             let gutter_width = UnicodeWidthStr::width(gutter.as_str());
 495 │             caret_line.push_str(&" ".repeat(gutter_width + 1));
 496 │             let prefix_chars = source_line.chars().take(start).count();
 497 │             caret_line.push_str(&" ".repeat(prefix_chars));
 498 │             caret_line.push_str(&"^".repeat(*token_len.max(&1)));
 499 │ 
 500 │             if let Some(note_text) = note {
 501 │                 out += &color_fmt!("[dim]│[/]  [red]{} {}[/]\n", caret_line, note_text);
 502 │             } else {
 503 │                 out += &color_fmt!("[dim]│[/]  [red]{}[/]\n", caret_line);
 504 │             }
 505 │         }
 506 │ 
 507 │         out += &color_fmt!("[dim]└─[/] [bold]{}\n\n", message);
 508 │ 
 509 │         out
 510 │     }
 511 │ 
 512 │     fn merge_into(
 513 │         &mut self,
 514 │         fields: &mut Vec<(String, Value)>,
 515 │         spans: &mut Spans,
 516 │         key: String,
 517 │         value: Value,
 518 │         line: usize,
 519 │         col: usize,
 520 │         debug_depth: usize, // temporary
 521 │     ) {
 522 │         if let Some(existing) = fields.iter_mut().find(|(k, _)| k == &key) {
 523 │             eprintln!(
 524 │                 "DEBUG: duplicate-key for key '{}', existing keys in this spans map: {:?}",
 525 │                 key,
 526 │                 spans.keys().collect::<Vec<_>>()
 527 │             );
 528 │             eprintln!(
 529 │                 "DEBUG: spans ptr={:p}, keys={:?}",
 530 │                 spans as *const _,
 531 │                 spans.keys().collect::<Vec<_>>()
 532 │             );
 533 │             eprintln!(
 534 │                 "DEBUG: depth={debug_depth} key='{key}' spans_ptr={:p}",
 535 │                 spans as *const _
 536 │             );
 537 │             eprintln!("{}", std::backtrace::Backtrace::capture());
 538 │             match (std::mem::take(&mut existing.1), value) {
 539 │                 (Value::Object(mut a), Value::Object(b)) => {
 540 │                     for (k, v) in b {
 541 │                         let mut merge_spans = Spans::new();
 542 │                         self.merge_into(&mut a, &mut merge_spans, k, v, line, col, debug_depth + 1);
 543 │                     }
 544 │                     existing.1 = Value::Object(a);
 545 │                 }
 546 │                 (old, new) => {
 547 │                     existing.1 = old;
 548 │                     let current_source = self.get_source_line(line).to_string();
 549 │                     let token_len = key.len();
 550 │ 
 551 │                     let is_type_conflict = matches!(
 552 │                         (&existing.1, &new),
 553 │                         (Value::Object(_), _) | (_, Value::Object(_))
 554 │                     );
 555 │ 
 556 │                     let (kind, message) = if is_type_conflict {
 557 │                         (
 558 │                             "type-conflict",
 559 │                             format!("'{key}' cannot be both a scalar and an object"),
 560 │                         )
 561 │                     } else {
 562 │                         ("duplicate-key", format!("'{key}' was already defined"))
 563 │                     };
 564 │ 
 565 │                     let error = if let Some((first_line, first_col, first_source)) =
 566 │                         spans.get(&key).cloned()
 567 │                     {
 568 │                         self.format_error(
 569 │                             kind,
 570 │                             &message,
 571 │                             &[
 572 │                                 (
 573 │                                     first_line,
 574 │                                     first_col,
 575 │                                     first_source.as_str(),
 576 │                                     token_len,
 577 │                                     Some("first defined here"),
 578 │                                 ),
 579 │                                 (
 580 │                                     line,
 581 │                                     col,
 582 │                                     &current_source,
 583 │                                     token_len,
 584 │                                     Some("redefined here"),
 585 │                                 ),
 586 │                             ],
 587 │                         )
 588 │                     } else {
 589 │                         self.format_error(
 590 │                             kind,
 591 │                             &message,
 592 │                             &[(
 593 │                                 line,
 594 │                                 col,
 595 │                                 &current_source,
 596 │                                 token_len,
 597 │                                 Some("redefined here"),
 598 │                             )],
 599 │                         )
 600 │                     };
 601 │                     self.errors.push(error);
 602 │                 }
 603 │             }
 604 │         } else {
 605 │             let source_line = self.get_source_line(line).to_string();
 606 │             spans.insert(key.clone(), (line, col, source_line));
 607 │             fields.push((key, value));
 608 │         }
 609 │     }
 610 │ }
─────┴──────────────────────────────────────────────────────────────────────────
─────┬──────────────────────────────────────────────────────────────────────────
     │ File: spine-rs/src/token.rs
─────┼──────────────────────────────────────────────────────────────────────────
   1 │ #[derive(Debug, Clone, PartialEq)]
   2 │ pub enum Token {
   3 │     Pipe,
   4 │     Equals,
   5 │     Tilde,
   6 │     Dash,
   7 │     Dot,
   8 │     Newline,
   9 │     Ident(String),
  10 │     Str(String),
  11 │     Number(f64),
  12 │     Bool(bool),
  13 │     Null,
  14 │     LineComment(String),
  15 │     BlockComment(String),
  16 │     Tagged(String, String),
  17 │     Unknown(char),
  18 │     Error(String),
  19 │ }
  20 │ 
  21 │ // (token, line, col)
  22 │ pub type SpannedToken = (Token, usize, usize);
─────┴──────────────────────────────────────────────────────────────────────────
─────┬──────────────────────────────────────────────────────────────────────────
     │ File: spine-rs/src/tests.rs
─────┼──────────────────────────────────────────────────────────────────────────
   1 │ use crate::{Lexer, Parser, Value};
   2 │ use std::{fs, path::PathBuf, str::FromStr};
   3 │ 
   4 │ #[test]
   5 │ fn test_basic_lexer() {
   6 │     let src = "server\n| host = localhost\n| port = 8080\n";
   7 │     let tokens = Lexer::new(src).tokenize();
   8 │     println!("{tokens:?}");
   9 │ }
  10 │ 
  11 │ #[test]
  12 │ fn test_basic_object() {
  13 │     let src = "server\n| host = localhost\n| port = 8080\n";
  14 │     let tokens = Lexer::new(src).tokenize();
  15 │     let value = Parser::new(tokens, src).parse().expect("parse failed");
  16 │     println!("{value:?}");
  17 │     if let Value::Object(fields) = value {
  18 │         assert_eq!(fields[0].0, "server");
  19 │     } else {
  20 │         panic!("expected object");
  21 │     }
  22 │ }
  23 │ 
  24 │ #[test]
  25 │ fn test_append() {
  26 │     let src = "~packages\n| name = react\n~packages\n| name = vue\n";
  27 │     let tokens = Lexer::new(src).tokenize();
  28 │     let value = Parser::new(tokens, src).parse().expect("parse failed");
  29 │     println!("{value:?}");
  30 │     if let Value::Object(fields) = value {
  31 │         if let Value::Array(arr) = &fields[0].1 {
  32 │             assert_eq!(arr.len(), 2);
  33 │         } else {
  34 │             panic!("expected array");
  35 │         }
  36 │     } else {
  37 │         panic!("expected object");
  38 │     }
  39 │ }
  40 │ 
  41 │ #[test]
  42 │ fn test_array_block() {
  43 │     let src = "features\n| - auth\n| - sync\n| - metrics\n";
  44 │     let tokens = Lexer::new(src).tokenize();
  45 │     let value = Parser::new(tokens, src).parse().expect("parse failed");
  46 │     println!("{value:?}");
  47 │     if let Value::Object(fields) = value {
  48 │         if let Value::Array(arr) = &fields[0].1 {
  49 │             assert_eq!(arr.len(), 3);
  50 │         } else {
  51 │             panic!("expected array");
  52 │         }
  53 │     } else {
  54 │         panic!("expected object");
  55 │     }
  56 │ }
  57 │ 
  58 │ #[test]
  59 │ fn test_array_objects() {
  60 │     let src = "array\n| -\n| | message = Works\n| -\n| | message = yeah\n";
  61 │     let tokens = Lexer::new(src).tokenize();
  62 │     let value = Parser::new(tokens, src).parse().expect("parse failed");
  63 │     println!("{value:?}");
  64 │     if let Value::Object(fields) = value {
  65 │         if let Value::Array(arr) = &fields[0].1 {
  66 │             assert_eq!(arr.len(), 2);
  67 │         } else {
  68 │             panic!("expected array");
  69 │         }
  70 │     } else {
  71 │         panic!("expected object");
  72 │     }
  73 │ }
  74 │ 
  75 │ #[test]
  76 │ fn test_multiline_string() {
  77 │     let src = "server\n| query = \"\"\"\n| | SELECT *\n| | FROM users\n| | \"\"\"\n";
  78 │     let tokens = Lexer::new(src).tokenize();
  79 │     let value = Parser::new(tokens, src).parse().expect("parse failed");
  80 │     println!("{value:?}");
  81 │     if let Value::Object(fields) = value {
  82 │         if let Value::Object(inner) = &fields[0].1 {
  83 │             if let Value::String(s) = &inner[0].1 {
  84 │                 assert!(s.contains("SELECT *"), "got: {s}");
  85 │                 assert!(s.contains("FROM users"), "got: {s}");
  86 │             } else {
  87 │                 panic!("expected string");
  88 │             }
  89 │         } else {
  90 │             panic!("expected inner object");
  91 │         }
  92 │     } else {
  93 │         panic!("expected object");
  94 │     }
  95 │ }
  96 │ 
  97 │ #[test]
  98 │ fn test_tagged_literals() {
  99 │     let src = "created = date\"2026-05-26\"\nexpires = std.date\"2027-01-01\"\n";
 100 │     let tokens = Lexer::new(src).tokenize();
 101 │     let value = Parser::new(tokens, src).parse().expect("parse failed");
 102 │     println!("{value:?}");
 103 │     if let Value::Object(fields) = value {
 104 │         assert!(matches!(&fields[0].1, Value::Tagged(t, _) if t == "date"));
 105 │         assert!(matches!(&fields[1].1, Value::Tagged(t, _) if t == "std.date"));
 106 │     } else {
 107 │         panic!("expected object");
 108 │     }
 109 │ }
 110 │ 
 111 │ #[test]
 112 │ fn test_duplicate_key_error() {
 113 │     let src = "host = localhost\nhost = example.com\n";
 114 │     let tokens = Lexer::new(src).tokenize();
 115 │     let result = Parser::new(tokens, src).parse();
 116 │     assert!(result.is_err());
 117 │     let errors = result.unwrap_err();
 118 │     assert_eq!(errors.len(), 1);
 119 │     assert!(errors[0].contains("duplicate-key"));
 120 │     println!("{}", errors[0]);
 121 │ }
 122 │ 
 123 │ #[test]
 124 │ fn test_type_conflict_error() {
 125 │     let src = "server = localhost\nserver\n| port = 8080\n";
 126 │     let tokens = Lexer::new(src).tokenize();
 127 │     let result = Parser::new(tokens, src).parse();
 128 │     assert!(result.is_err());
 129 │     let errors = result.unwrap_err();
 130 │     assert_eq!(errors.len(), 1);
 131 │     assert!(errors[0].contains("type-conflict"));
 132 │     println!("{}", errors[0]);
 133 │ }
 134 │ 
 135 │ #[test]
 136 │ fn test_append_type_conflict_error() {
 137 │     let src = "mode = production\n~mode\n| env = staging\n";
 138 │     let tokens = Lexer::new(src).tokenize();
 139 │     let result = Parser::new(tokens, src).parse();
 140 │     assert!(result.is_err());
 141 │     let errors = result.unwrap_err();
 142 │     assert_eq!(errors.len(), 1);
 143 │     assert!(errors[0].contains("type-conflict"));
 144 │     println!("{}", errors[0]);
 145 │ }
 146 │ 
 147 │ #[test]
 148 │ fn test_error_accumulation() {
 149 │     let src = "server = localhost\nserver\n| port = 8080\nhost = localhost\nhost = example.com\n";
 150 │     let tokens = Lexer::new(src).tokenize();
 151 │     let result = Parser::new(tokens, src).parse();
 152 │     assert!(result.is_err());
 153 │     let errors = result.unwrap_err();
 154 │     assert_eq!(errors.len(), 2);
 155 │     println!("{}", errors.join(""));
 156 │ }
 157 │ 
 158 │ #[test]
 159 │ fn test_unknown_character() {
 160 │     let src = r#"{"key": "value"}"#;
 161 │     let tokens = Lexer::new(src).tokenize();
 162 │     let result = Parser::new(tokens, src).parse();
 163 │     assert!(result.is_err());
 164 │     let errors = result.unwrap_err();
 165 │     assert_eq!(errors.len(), 1);
 166 │     assert!(errors[0].contains("unexpected-character"));
 167 │     println!("{}", errors[0]);
 168 │ }
 169 │ 
 170 │ #[test]
 171 │ fn test_unknown_with_spine_errors() {
 172 │     let src = "host = localhost\nhost = example.com\n{wat}";
 173 │     let tokens = Lexer::new(src).tokenize();
 174 │     let result = Parser::new(tokens, src).parse();
 175 │     assert!(result.is_err());
 176 │     let errors = result.unwrap_err();
 177 │     assert_eq!(errors.len(), 2);
 178 │     println!("{}", errors.join(""));
 179 │ }
 180 │ 
 181 │ #[test]
 182 │ fn test_bare_strings() {
 183 │     let src = "database\n| host = db.primary.local\n| endpoint = https://telemetry.local\n| password = scram-sha-256\n| window = 60s\n| timestamp = 2026-05-26T00:00:00Z\n";
 184 │     let tokens = Lexer::new(src).tokenize();
 185 │     let value = Parser::new(tokens, src).parse().expect("parse failed");
 186 │     println!("{value:?}");
 187 │     if let Value::Object(fields) = value {
 188 │         if let Value::Object(inner) = &fields[0].1 {
 189 │             for (k, v) in inner {
 190 │                 println!("{k} = {v:?}");
 191 │             }
 192 │             assert_eq!(inner[0].1, Value::String("db.primary.local".to_string()));
 193 │             assert_eq!(
 194 │                 inner[1].1,
 195 │                 Value::String("https://telemetry.local".to_string())
 196 │             );
 197 │             assert_eq!(inner[2].1, Value::String("scram-sha-256".to_string()));
 198 │             assert_eq!(inner[3].1, Value::String("60s".to_string()));
 199 │             assert_eq!(
 200 │                 inner[4].1,
 201 │                 Value::String("2026-05-26T00:00:00Z".to_string())
 202 │             );
 203 │         } else {
 204 │             panic!("expected inner object");
 205 │         }
 206 │     } else {
 207 │         panic!("expected object");
 208 │     }
 209 │ }
 210 │ 
 211 │ #[test]
 212 │ fn test_bare_strings_in_array() {
 213 │     let src = "regions\n| - eu-central-1\n| - eu-west-1\n| - us-east-1\n";
 214 │     let tokens = Lexer::new(src).tokenize();
 215 │     let value = Parser::new(tokens, src).parse().expect("parse failed");
 216 │     println!("{value:?}");
 217 │     if let Value::Object(fields) = value {
 218 │         if let Value::Array(arr) = &fields[0].1 {
 219 │             for (i, v) in arr.iter().enumerate() {
 220 │                 println!("[{i}] = {v:?}");
 221 │             }
 222 │             assert_eq!(arr[0], Value::String("eu-central-1".to_string()));
 223 │             assert_eq!(arr[1], Value::String("eu-west-1".to_string()));
 224 │             assert_eq!(arr[2], Value::String("us-east-1".to_string()));
 225 │         } else {
 226 │             panic!("expected array");
 227 │         }
 228 │     } else {
 229 │         panic!("expected object");
 230 │     }
 231 │ }
 232 │ 
 233 │ #[test]
 234 │ fn test_from_file() {
 235 │     let path = PathBuf::from_str("../example.spn").unwrap();
 236 │     let src = fs::read_to_string(path).unwrap();
 237 │     let tokens = Lexer::new(&src).tokenize();
 238 │     let result = Parser::new(tokens, &src).parse();
 239 │     if let Err(errors) = result {
 240 │         println!("{}", errors.join(""));
 241 │         panic!();
 242 │     }
 243 │ }
 244 │ 
 245 │ #[test]
 246 │ fn test_dotted_append() {
 247 │     let src =
 248 │         "server\n| host = localhost\n~server.users\n| name = alice\n~server.users\n| name = bob\n";
 249 │     let tokens = Lexer::new(src).tokenize();
 250 │     let value = Parser::new(tokens, src).parse().expect("parse failed");
 251 │     println!("{value:?}");
 252 │     if let Value::Object(fields) = value {
 253 │         if let Value::Object(server) = &fields[0].1 {
 254 │             if let Value::Array(users) = &server.iter().find(|(k, _)| k == "users").unwrap().1 {
 255 │                 assert_eq!(users.len(), 2);
 256 │             } else {
 257 │                 panic!("expected users array");
 258 │             }
 259 │         } else {
 260 │             panic!("expected server object");
 261 │         }
 262 │     } else {
 263 │         panic!("expected object");
 264 │     }
 265 │ }
 266 │ 
 267 │ #[test]
 268 │ fn test_unterminated_string() {
 269 │     let src = "key = \"hello world\n";
 270 │     let tokens = Lexer::new(src).tokenize();
 271 │     let result = Parser::new(tokens, src).parse();
 272 │     assert!(result.is_err());
 273 │     let errors = result.unwrap_err();
 274 │     println!("{}", errors.join(""));
 275 │     assert_eq!(errors.len(), 1);
 276 │     assert!(errors[0].contains("unterminated string"));
 277 │ }
 278 │ 
 279 │ #[test]
 280 │ fn test_unterminated_multiline_string() {
 281 │     let src = "key = \"\"\"\n| hello\n| world\n";
 282 │     let tokens = Lexer::new(src).tokenize();
 283 │     let result = Parser::new(tokens, src).parse();
 284 │     assert!(result.is_err());
 285 │     let errors = result.unwrap_err();
 286 │     println!("{}", errors.join(""));
 287 │     assert_eq!(errors.len(), 1);
 288 │     assert!(errors[0].contains("unterminated multiline string"));
 289 │ }
 290 │ 
 291 │ #[test]
 292 │ fn test_unterminated_block_comment() {
 293 │     let src = "key = value\n/* this comment never ends\n";
 294 │     let tokens = Lexer::new(src).tokenize();
 295 │     let result = Parser::new(tokens, src).parse();
 296 │     assert!(result.is_err());
 297 │     let errors = result.unwrap_err();
 298 │     println!("{}", errors.join(""));
 299 │     assert_eq!(errors.len(), 1);
 300 │     assert!(errors[0].contains("unterminated block comment"));
 301 │ }
 302 │ 
 303 │ #[test]
 304 │ fn test_unterminated_string_with_spine_errors() {
 305 │     let src = "host = localhost\nhost = example.com\nkey = \"oops\n";
 306 │     let tokens = Lexer::new(src).tokenize();
 307 │     let result = Parser::new(tokens, src).parse();
 308 │     assert!(result.is_err());
 309 │     let errors = result.unwrap_err();
 310 │     println!("{}", errors.join(""));
 311 │     assert_eq!(errors.len(), 2);
 312 │ }
─────┴──────────────────────────────────────────────────────────────────────────
─────┬──────────────────────────────────────────────────────────────────────────
     │ File: PORTS.md
─────┼──────────────────────────────────────────────────────────────────────────
   1 │ # Ports
   2 │ 
   3 │ Supported, official, or officially acknowledged ports for the Spine data format.
   4 │ 
   5 │ | Language | Library Name   | Status   |
   6 │ |----------|----------------|----------|
   7 │ | Rust     | `spinelib`     | Unstable |
   8 │ 
   9 │ _(that's it currently...)_
  10 │ 
  11 │ _(yes not even a C port even though the spine-c header exists, that's not an official port by my standards)_
  12 │ 
  13 │ ---
  14 │ 
  15 │ # Contributing
  16 │ 
  17 │ ## Overview
  18 │ 
  19 │ `spine-c` exposes the official C ABI for creating bindings to other languages.
  20 │ 
  21 │ Bindings should target:
  22 │ - `include/spine.h`
  23 │ - the generated shared libraries
  24 │ 
  25 │ ## Supported library formats
  26 │ 
  27 │ - Linux/BSD: `.so`
  28 │ - Windows: `.dll`
  29 │ - macOS: `.dylib`
  30 │ 
  31 │ ## CI artifacts
  32 │ 
  33 │ Prebuilt libraries are available from GitHub Actions artifacts/releases.
─────┴──────────────────────────────────────────────────────────────────────────
─────┬──────────────────────────────────────────────────────────────────────────
     │ File: include/spine.h
─────┼──────────────────────────────────────────────────────────────────────────
   1 │ #include <cstdarg>
   2 │ #include <cstdint>
   3 │ #include <cstdlib>
   4 │ #include <ostream>
   5 │ #include <new>
   6 │ 
   7 │ /// Opaque types that C sees as pointers
   8 │ struct SpineDoc;
   9 │ 
  10 │ struct SpineValue;
  11 │ 
  12 │ extern "C" {
  13 │ 
  14 │ /// # Safety
  15 │ ///
  16 │ /// `input` must be a valid null-terminated C string.
  17 │ SpineDoc *spine_parse(const char *input);
  18 │ 
  19 │ /// Parses Spine source with an associated filename for error messages.
  20 │ ///
  21 │ /// # Safety
  22 │ ///
  23 │ /// `input` must be a valid null-terminated C string.
  24 │ /// `filename` must be a valid null-terminated C string, or null.
  25 │ SpineDoc *spine_parse_named(const char *input, const char *filename);
  26 │ 
  27 │ /// # Safety
  28 │ ///
  29 │ /// `doc` must be a valid pointer to a `SpineDoc` or null.
  30 │ bool spine_has_errors(const SpineDoc *doc);
  31 │ 
  32 │ /// # Safety
  33 │ ///
  34 │ /// `doc` must be a valid pointer to a `SpineDoc` or null.
  35 │ char *spine_get_errors(const SpineDoc *doc);
  36 │ 
  37 │ /// # Safety
  38 │ ///
  39 │ /// `doc` must be a valid pointer to a `SpineDoc` or null.
  40 │ const SpineValue *spine_doc_root(const SpineDoc *doc);
  41 │ 
  42 │ /// # Safety
  43 │ ///
  44 │ /// `val` must be a valid pointer to a `SpineValue` or null.
  45 │ int spine_value_type(const SpineValue *val);
  46 │ 
  47 │ /// # Safety
  48 │ ///
  49 │ /// `val` must be a valid pointer to a `SpineValue` or null.
  50 │ bool spine_value_bool(const SpineValue *val);
  51 │ 
  52 │ /// # Safety
  53 │ ///
  54 │ /// `val` must be a valid pointer to a `SpineValue` or null.
  55 │ double spine_value_number(const SpineValue *val);
  56 │ 
  57 │ /// # Safety
  58 │ ///
  59 │ /// `val` must be a valid pointer to a `SpineValue` or null.
  60 │ char *spine_value_string(const SpineValue *val);
  61 │ 
  62 │ /// # Safety
  63 │ ///
  64 │ /// `val` must be a valid pointer to a `SpineValue` or null.
  65 │ char *spine_value_tag(const SpineValue *val);
  66 │ 
  67 │ /// # Safety
  68 │ ///
  69 │ /// `val` must be a valid pointer to a `SpineValue` or null.
  70 │ char *spine_value_tag_content(const SpineValue *val);
  71 │ 
  72 │ /// # Safety
  73 │ ///
  74 │ /// `val` must be a valid pointer to a `SpineValue` or null.
  75 │ unsigned long spine_array_len(const SpineValue *val);
  76 │ 
  77 │ /// # Safety
  78 │ ///
  79 │ /// `val` must be a valid pointer to a `SpineValue` or null.
  80 │ const SpineValue *spine_array_get(const SpineValue *val, unsigned long index);
  81 │ 
  82 │ /// # Safety
  83 │ ///
  84 │ /// `val` must be a valid pointer to a `SpineValue` or null.
  85 │ unsigned long spine_object_len(const SpineValue *val);
  86 │ 
  87 │ /// # Safety
  88 │ ///
  89 │ /// `val` must be a valid pointer to a `SpineValue` or null.
  90 │ char *spine_object_key(const SpineValue *val, unsigned long index);
  91 │ 
  92 │ /// # Safety
  93 │ ///
  94 │ /// `val` must be a valid pointer to a `SpineValue` or null.
  95 │ /// `key` must be a valid null-terminated C string.
  96 │ const SpineValue *spine_object_get(const SpineValue *val, const char *key);
  97 │ 
  98 │ /// # Safety
  99 │ ///
 100 │ /// `doc` must be a valid pointer to a `SpineDoc` or null.
 101 │ void spine_free_doc(SpineDoc *doc);
 102 │ 
 103 │ /// # Safety
 104 │ ///
 105 │ /// `val` must be a valid pointer to a `SpineValue` or null.
 106 │ void spine_free_value(SpineValue *val);
 107 │ 
 108 │ /// # Safety
 109 │ ///
 110 │ /// `s` must be a valid pointer to a C string allocated by Spine, or null.
 111 │ void spine_free_string(char *s);
 112 │ 
 113 │ }  // extern "C"
─────┴──────────────────────────────────────────────────────────────────────────
─────┬──────────────────────────────────────────────────────────────────────────
     │ File: example.spn
─────┼──────────────────────────────────────────────────────────────────────────
   1 │ # Spine full feature showcase!
   2 │ 
   3 │ app
   4 │ | name = Spine Showcase System
   5 │ | version = 0.1.0
   6 │ | mode = production
   7 │ 
   8 │ system
   9 │ | runtime
  10 │ | | env = production
  11 │ | | region = eu-central-1
  12 │ | | timezone = UTC
  13 │ |
  14 │ | limits
  15 │ | | cpu = 8
  16 │ | | memory = 16GB
  17 │ | | io = high
  18 │ |
  19 │ | logging
  20 │ | | level = info
  21 │ | | format = json
  22 │ | | sinks
  23 │ | | | - stdout
  24 │ | | | - file
  25 │ | | | | path = /var/log/spine.log
  26 │ | | | | rotation = daily
  27 │ |
  28 │ | telemetry
  29 │ | | enabled = true
  30 │ | | exporter = otel
  31 │ | | endpoint = https://telemetry.local
  32 │ |
  33 │ | tracing
  34 │ | | enabled = true
  35 │ | | sampler = always_on
  36 │ | | exporters
  37 │ | | | - otlp
  38 │ | | | - console
  39 │ 
  40 │ database
  41 │ | primary
  42 │ | | driver = postgres
  43 │ | | host = db.primary.local
  44 │ | | port = 5432
  45 │ | | credentials
  46 │ | | | user = admin
  47 │ | | | password = secret
  48 │ | | | auth
  49 │ | | | | method = scram-sha-256
  50 │ |
  51 │ | replicas
  52 │ | | -
  53 │ | | | host = db.replica-1.local
  54 │ | | | lag = low
  55 │ | | | regions
  56 │ | | | | - eu-central-1
  57 │ | | | | - eu-west-1
  58 │ | |
  59 │ | | -
  60 │ | | | host = db.replica-2.local
  61 │ | | | lag = medium
  62 │ 
  63 │ features
  64 │ | auth
  65 │ | | enabled = true
  66 │ | | providers
  67 │ | | | - local
  68 │ | | | - oauth
  69 │ | | | | provider = github
  70 │ | | | | client_id = abc123
  71 │ |
  72 │ | caching
  73 │ | | enabled = true
  74 │ | | strategy = lru
  75 │ | | ttl = 300s
  76 │ |
  77 │ | analytics
  78 │ | | enabled = true
  79 │ | | query = """
  80 │ | | SELECT user_id, COUNT(*)
  81 │ | | FROM events
  82 │ | | WHERE active = true
  83 │ | | GROUP BY user_id
  84 │ | | ORDER BY COUNT(*) DESC
  85 │ | | """
  86 │ |
  87 │ | flags
  88 │ | | -
  89 │ | | | name = new-ui
  90 │ | | | enabled = true
  91 │ | | | rollout = 0.5
  92 │ | | -
  93 │ | | | name = dark-mode
  94 │ | | | enabled = true
  95 │ | | | rollout = 1.0
  96 │ 
  97 │ deploy
  98 │ | strategy = rolling
  99 │ | replicas = 3
 100 │ | rollback
 101 │ | | enabled = true
 102 │ | | threshold = 2
 103 │ | | window = 60s
 104 │ 
 105 │ plugins
 106 │ | -
 107 │ | | name = logger
 108 │ | | enabled = true
 109 │ | |
 110 │ | -
 111 │ | | name = metrics
 112 │ | | enabled = true
 113 │ | |
 114 │ | -
 115 │ | | name = tracer
 116 │ | | enabled = false
 117 │ 
 118 │ meta
 119 │ | created = std.date"2026-05-26"
 120 │ | hash = base64"c3BpbmUtZnVsbC1leGFtcGxl"
 121 │ | tags
 122 │ | | - core
 123 │ | | - production
 124 │ | | - showcase
 125 │ | | - append-demo
 126 │ |
 127 │ | history
 128 │ | | notes = """
 129 │ | | Spine evolves through real usage.
 130 │ | | Structure is explicit, and spacing is meaningful.
 131 │ | | """
 132 │ |
 133 │ | ~events
 134 │ | | type = created
 135 │ | | timestamp = 2026-05-26T00:00:00Z
 136 │ |
 137 │ | ~events
 138 │ | | type = updated
 139 │ | | timestamp = 2026-05-26T12:00:00Z
 140 │ |
 141 │ | ~events
 142 │ | | type = deployed
 143 │ | | timestamp = 2026-05-26T18:00:00Z
─────┴──────────────────────────────────────────────────────────────────────────
─────┬──────────────────────────────────────────────────────────────────────────
     │ File: spine-c/Cargo.toml
─────┼──────────────────────────────────────────────────────────────────────────
   1 │ [package]
   2 │ name = "spine-c"
   3 │ version = "0.1.0"
   4 │ edition = "2024"
   5 │ 
   6 │ [lib]
   7 │ crate-type = ["cdylib", "staticlib"]
   8 │ 
   9 │ [dependencies]
  10 │ spine-rs = { workspace = true }
  11 │ 
  12 │ [build-dependencies]
  13 │ cbindgen = "0.29.2"
─────┴──────────────────────────────────────────────────────────────────────────
─────┬──────────────────────────────────────────────────────────────────────────
     │ File: spine-c/build.rs
─────┼──────────────────────────────────────────────────────────────────────────
   1 │ fn main() {
   2 │     cbindgen::Builder::new()
   3 │         .with_crate(".")
   4 │         .generate()
   5 │         .expect("failed to generate header")
   6 │         .write_to_file("../include/spine.h");
   7 │ }
─────┴──────────────────────────────────────────────────────────────────────────
─────┬──────────────────────────────────────────────────────────────────────────
     │ File: spinelib/build.rs
─────┼──────────────────────────────────────────────────────────────────────────
   1 │ fn main() {
   2 │     let manifest_dir = std::env::var("CARGO_MANIFEST_DIR").unwrap();
   3 │     let lib_path = std::path::Path::new(&manifest_dir)
   4 │         .parent()
   5 │         .unwrap()
   6 │         .join("target/debug");
   7 │ 
   8 │     println!("cargo:rustc-link-search=native={}", lib_path.display());
   9 │     println!("cargo:rustc-link-lib=dylib=spine_c");
  10 │ }
─────┴──────────────────────────────────────────────────────────────────────────
─────┬──────────────────────────────────────────────────────────────────────────
     │ File: spinelib/Cargo.toml
─────┼──────────────────────────────────────────────────────────────────────────
   1 │ [package]
   2 │ name = "spinelib"
   3 │ version = "0.1.0"
   4 │ edition = "2024"
   5 │ 
   6 │ [dependencies]
─────┴──────────────────────────────────────────────────────────────────────────
─────┬──────────────────────────────────────────────────────────────────────────
     │ File: spinelib/invalid.spn
─────┼──────────────────────────────────────────────────────────────────────────
   1 │ # type-conflict: scalar then object
   2 │ server = localhost
   3 │ server
   4 │ | port = 8080
   5 │ 
   6 │ # duplicate-key
   7 │ host = localhost
   8 │ host = example.com
   9 │ 
  10 │ # type-conflict via append: not an array
  11 │ mode = production
  12 │ ~mode
  13 │ | env = staging
  14 │ 
  15 │ # duplicate-key deep in an object
  16 │ database
  17 │ | host = db.local
  18 │ | host = db.remote
─────┴──────────────────────────────────────────────────────────────────────────
─────┬──────────────────────────────────────────────────────────────────────────
     │ File: spine-c/src/lib.rs
─────┼──────────────────────────────────────────────────────────────────────────
   1 │ use spine_rs::{Lexer, Parser, Value};
   2 │ use std::ffi::{CStr, CString};
   3 │ use std::os::raw::{c_char, c_double, c_int, c_ulong};
   4 │ 
   5 │ /// Opaque types that C sees as pointers
   6 │ pub struct SpineDoc {
   7 │     root: Option<Value>,
   8 │     errors: Vec<String>,
   9 │ }
  10 │ 
  11 │ pub struct SpineValue {
  12 │     inner: *const Value,
  13 │ }
  14 │ 
  15 │ /// # Safety
  16 │ ///
  17 │ /// `input` must be a valid null-terminated C string.
  18 │ #[unsafe(no_mangle)]
  19 │ pub unsafe extern "C" fn spine_parse(input: *const c_char) -> *mut SpineDoc {
  20 │     if input.is_null() {
  21 │         return std::ptr::null_mut();
  22 │     }
  23 │ 
  24 │     let c_str = unsafe { CStr::from_ptr(input) };
  25 │     let Ok(src) = c_str.to_str() else {
  26 │         return std::ptr::null_mut();
  27 │     };
  28 │ 
  29 │     let tokens = Lexer::new(src).tokenize();
  30 │     let mut parser = Parser::new(tokens, src);
  31 │     let result = parser.parse();
  32 │ 
  33 │     let doc = match result {
  34 │         Ok(value) => SpineDoc {
  35 │             root: Some(value),
  36 │             errors: Vec::new(),
  37 │         },
  38 │         Err(errors) => SpineDoc { root: None, errors },
  39 │     };
  40 │ 
  41 │     Box::into_raw(Box::new(doc))
  42 │ }
  43 │ 
  44 │ /// Parses Spine source with an associated filename for error messages.
  45 │ ///
  46 │ /// # Safety
  47 │ ///
  48 │ /// `input` must be a valid null-terminated C string.
  49 │ /// `filename` must be a valid null-terminated C string, or null.
  50 │ #[unsafe(no_mangle)]
  51 │ pub unsafe extern "C" fn spine_parse_named(
  52 │     input: *const c_char,
  53 │     filename: *const c_char,
  54 │ ) -> *mut SpineDoc {
  55 │     if input.is_null() {
  56 │         return std::ptr::null_mut();
  57 │     }
  58 │ 
  59 │     let c_str = unsafe { CStr::from_ptr(input) };
  60 │     let Ok(src) = c_str.to_str() else {
  61 │         return std::ptr::null_mut();
  62 │     };
  63 │ 
  64 │     let tokens = Lexer::new(src).tokenize();
  65 │     let mut parser = Parser::new(tokens, src);
  66 │ 
  67 │     if !filename.is_null() {
  68 │         let fname_cstr = unsafe { CStr::from_ptr(filename) };
  69 │         if let Ok(fname) = fname_cstr.to_str() {
  70 │             parser = parser.with_source(fname);
  71 │         }
  72 │     }
  73 │ 
  74 │     let result = parser.parse();
  75 │ 
  76 │     let doc = match result {
  77 │         Ok(value) => SpineDoc {
  78 │             root: Some(value),
  79 │             errors: Vec::new(),
  80 │         },
  81 │         Err(errors) => SpineDoc { root: None, errors },
  82 │     };
  83 │ 
  84 │     Box::into_raw(Box::new(doc))
  85 │ }
  86 │ 
  87 │ /// # Safety
  88 │ ///
  89 │ /// `doc` must be a valid pointer to a `SpineDoc` or null.
  90 │ #[unsafe(no_mangle)]
  91 │ pub const unsafe extern "C" fn spine_has_errors(doc: *const SpineDoc) -> bool {
  92 │     if doc.is_null() {
  93 │         return true;
  94 │     }
  95 │     !unsafe { (*doc).errors.is_empty() }
  96 │ }
  97 │ 
  98 │ /// # Safety
  99 │ ///
 100 │ /// `doc` must be a valid pointer to a `SpineDoc` or null.
 101 │ #[unsafe(no_mangle)]
 102 │ pub unsafe extern "C" fn spine_get_errors(doc: *const SpineDoc) -> *mut c_char {
 103 │     if doc.is_null() {
 104 │         return std::ptr::null_mut();
 105 │     }
 106 │     let errors = unsafe { (*doc).errors.join("") };
 107 │     CString::new(errors).map_or(std::ptr::null_mut(), CString::into_raw)
 108 │ }
 109 │ 
 110 │ /// # Safety
 111 │ ///
 112 │ /// `doc` must be a valid pointer to a `SpineDoc` or null.
 113 │ #[unsafe(no_mangle)]
 114 │ pub unsafe extern "C" fn spine_doc_root(doc: *const SpineDoc) -> *const SpineValue {
 115 │     if doc.is_null() {
 116 │         return std::ptr::null();
 117 │     }
 118 │     unsafe { &(*doc).root }
 119 │         .as_ref()
 120 │         .map_or(std::ptr::null(), |value| {
 121 │             Box::into_raw(Box::new(SpineValue {
 122 │                 inner: std::ptr::from_ref::<Value>(value),
 123 │             }))
 124 │         })
 125 │ }
 126 │ 
 127 │ /// # Safety
 128 │ ///
 129 │ /// `val` must be a valid pointer to a `SpineValue` or null.
 130 │ #[unsafe(no_mangle)]
 131 │ pub const unsafe extern "C" fn spine_value_type(val: *const SpineValue) -> c_int {
 132 │     if val.is_null() {
 133 │         return -1;
 134 │     }
 135 │     match unsafe { &*(*val).inner } {
 136 │         Value::Null => 0,
 137 │         Value::Bool(_) => 1,
 138 │         Value::Number(_) => 2,
 139 │         Value::String(_) => 3,
 140 │         Value::Array(_) => 4,
 141 │         Value::Object(_) => 5,
 142 │         Value::Tagged(_, _) => 6,
 143 │     }
 144 │ }
 145 │ 
 146 │ /// # Safety
 147 │ ///
 148 │ /// `val` must be a valid pointer to a `SpineValue` or null.
 149 │ #[unsafe(no_mangle)]
 150 │ pub const unsafe extern "C" fn spine_value_bool(val: *const SpineValue) -> bool {
 151 │     if val.is_null() {
 152 │         return false;
 153 │     }
 154 │     match unsafe { &*(*val).inner } {
 155 │         Value::Bool(b) => *b,
 156 │         _ => false,
 157 │     }
 158 │ }
 159 │ 
 160 │ /// # Safety
 161 │ ///
 162 │ /// `val` must be a valid pointer to a `SpineValue` or null.
 163 │ #[unsafe(no_mangle)]
 164 │ pub const unsafe extern "C" fn spine_value_number(val: *const SpineValue) -> c_double {
 165 │     if val.is_null() {
 166 │         return 0.0;
 167 │     }
 168 │     match unsafe { &*(*val).inner } {
 169 │         Value::Number(n) => *n,
 170 │         _ => 0.0,
 171 │     }
 172 │ }
 173 │ 
 174 │ /// # Safety
 175 │ ///
 176 │ /// `val` must be a valid pointer to a `SpineValue` or null.
 177 │ #[unsafe(no_mangle)]
 178 │ pub unsafe extern "C" fn spine_value_string(val: *const SpineValue) -> *mut c_char {
 179 │     if val.is_null() {
 180 │         return std::ptr::null_mut();
 181 │     }
 182 │     match unsafe { &*(*val).inner } {
 183 │         Value::String(s) => {
 184 │             CString::new(s.as_str()).map_or(std::ptr::null_mut(), CString::into_raw)
 185 │         }
 186 │         _ => std::ptr::null_mut(),
 187 │     }
 188 │ }
 189 │ 
 190 │ /// # Safety
 191 │ ///
 192 │ /// `val` must be a valid pointer to a `SpineValue` or null.
 193 │ #[unsafe(no_mangle)]
 194 │ pub unsafe extern "C" fn spine_value_tag(val: *const SpineValue) -> *mut c_char {
 195 │     if val.is_null() {
 196 │         return std::ptr::null_mut();
 197 │     }
 198 │     match unsafe { &*(*val).inner } {
 199 │         Value::Tagged(tag, _) => {
 200 │             CString::new(tag.as_str()).map_or(std::ptr::null_mut(), CString::into_raw)
 201 │         }
 202 │         _ => std::ptr::null_mut(),
 203 │     }
 204 │ }
 205 │ 
 206 │ /// # Safety
 207 │ ///
 208 │ /// `val` must be a valid pointer to a `SpineValue` or null.
 209 │ #[unsafe(no_mangle)]
 210 │ pub unsafe extern "C" fn spine_value_tag_content(val: *const SpineValue) -> *mut c_char {
 211 │     if val.is_null() {
 212 │         return std::ptr::null_mut();
 213 │     }
 214 │     match unsafe { &*(*val).inner } {
 215 │         Value::Tagged(_, content) => {
 216 │             CString::new(content.as_str()).map_or(std::ptr::null_mut(), CString::into_raw)
 217 │         }
 218 │         _ => std::ptr::null_mut(),
 219 │     }
 220 │ }
 221 │ 
 222 │ /// # Safety
 223 │ ///
 224 │ /// `val` must be a valid pointer to a `SpineValue` or null.
 225 │ #[unsafe(no_mangle)]
 226 │ pub const unsafe extern "C" fn spine_array_len(val: *const SpineValue) -> c_ulong {
 227 │     if val.is_null() {
 228 │         return 0;
 229 │     }
 230 │     match unsafe { &*(*val).inner } {
 231 │         Value::Array(arr) => arr.len() as c_ulong,
 232 │         _ => 0,
 233 │     }
 234 │ }
 235 │ 
 236 │ /// # Safety
 237 │ ///
 238 │ /// `val` must be a valid pointer to a `SpineValue` or null.
 239 │ #[unsafe(no_mangle)]
 240 │ pub unsafe extern "C" fn spine_array_get(
 241 │     val: *const SpineValue,
 242 │     index: c_ulong,
 243 │ ) -> *const SpineValue {
 244 │     if val.is_null() {
 245 │         return std::ptr::null();
 246 │     }
 247 │     match unsafe { &*(*val).inner } {
 248 │         Value::Array(arr) => arr
 249 │             .get(usize::try_from(index).unwrap_or(usize::MAX))
 250 │             .map_or(std::ptr::null(), |v| {
 251 │                 Box::into_raw(Box::new(SpineValue {
 252 │                     inner: std::ptr::from_ref::<Value>(v),
 253 │                 }))
 254 │             }),
 255 │         _ => std::ptr::null(),
 256 │     }
 257 │ }
 258 │ 
 259 │ /// # Safety
 260 │ ///
 261 │ /// `val` must be a valid pointer to a `SpineValue` or null.
 262 │ #[unsafe(no_mangle)]
 263 │ pub const unsafe extern "C" fn spine_object_len(val: *const SpineValue) -> c_ulong {
 264 │     if val.is_null() {
 265 │         return 0;
 266 │     }
 267 │     match unsafe { &*(*val).inner } {
 268 │         Value::Object(fields) => fields.len() as c_ulong,
 269 │         _ => 0,
 270 │     }
 271 │ }
 272 │ 
 273 │ /// # Safety
 274 │ ///
 275 │ /// `val` must be a valid pointer to a `SpineValue` or null.
 276 │ #[unsafe(no_mangle)]
 277 │ pub unsafe extern "C" fn spine_object_key(val: *const SpineValue, index: c_ulong) -> *mut c_char {
 278 │     if val.is_null() {
 279 │         return std::ptr::null_mut();
 280 │     }
 281 │     match unsafe { &*(*val).inner } {
 282 │         Value::Object(fields) => fields
 283 │             .get(usize::try_from(index).unwrap_or(usize::MAX))
 284 │             .and_then(|(k, _)| CString::new(k.as_str()).ok())
 285 │             .map_or(std::ptr::null_mut(), CString::into_raw),
 286 │         _ => std::ptr::null_mut(),
 287 │     }
 288 │ }
 289 │ 
 290 │ /// # Safety
 291 │ ///
 292 │ /// `val` must be a valid pointer to a `SpineValue` or null.
 293 │ /// `key` must be a valid null-terminated C string.
 294 │ #[unsafe(no_mangle)]
 295 │ pub unsafe extern "C" fn spine_object_get(
 296 │     val: *const SpineValue,
 297 │     key: *const c_char,
 298 │ ) -> *const SpineValue {
 299 │     if val.is_null() || key.is_null() {
 300 │         return std::ptr::null();
 301 │     }
 302 │     let key_str = unsafe { CStr::from_ptr(key) };
 303 │     let Ok(key_str) = key_str.to_str() else {
 304 │         return std::ptr::null();
 305 │     };
 306 │     match unsafe { &*(*val).inner } {
 307 │         Value::Object(fields) => match fields.iter().find(|(k, _)| k == key_str) {
 308 │             Some((_, v)) => Box::into_raw(Box::new(SpineValue {
 309 │                 inner: std::ptr::from_ref::<Value>(v),
 310 │             })),
 311 │             None => std::ptr::null(),
 312 │         },
 313 │         _ => std::ptr::null(),
 314 │     }
 315 │ }
 316 │ 
 317 │ // --- //
 318 │ 
 319 │ /// # Safety
 320 │ ///
 321 │ /// `doc` must be a valid pointer to a `SpineDoc` or null.
 322 │ #[unsafe(no_mangle)]
 323 │ pub unsafe extern "C" fn spine_free_doc(doc: *mut SpineDoc) {
 324 │     if !doc.is_null() {
 325 │         unsafe {
 326 │             drop(Box::from_raw(doc));
 327 │         }
 328 │     }
 329 │ }
 330 │ 
 331 │ /// # Safety
 332 │ ///
 333 │ /// `val` must be a valid pointer to a `SpineValue` or null.
 334 │ #[unsafe(no_mangle)]
 335 │ pub unsafe extern "C" fn spine_free_value(val: *mut SpineValue) {
 336 │     if !val.is_null() {
 337 │         unsafe {
 338 │             drop(Box::from_raw(val));
 339 │         }
 340 │     }
 341 │ }
 342 │ 
 343 │ /// # Safety
 344 │ ///
 345 │ /// `s` must be a valid pointer to a C string allocated by Spine, or null.
 346 │ #[unsafe(no_mangle)]
 347 │ pub unsafe extern "C" fn spine_free_string(s: *mut c_char) {
 348 │     if !s.is_null() {
 349 │         unsafe {
 350 │             drop(CString::from_raw(s));
 351 │         }
 352 │     }
 353 │ }
─────┴──────────────────────────────────────────────────────────────────────────
─────┬──────────────────────────────────────────────────────────────────────────
     │ File: spinelib/src/lib.rs
─────┼──────────────────────────────────────────────────────────────────────────
   1 │ mod document;
   2 │ mod ffi;
   3 │ mod value;
   4 │ 
   5 │ pub use document::Document;
   6 │ pub use value::{Value, ValueType};
   7 │ 
   8 │ #[cfg(test)]
   9 │ mod tests;
─────┴──────────────────────────────────────────────────────────────────────────
─────┬──────────────────────────────────────────────────────────────────────────
     │ File: spinelib/src/value.rs
─────┼──────────────────────────────────────────────────────────────────────────
   1 │ use crate::ffi;
   2 │ use std::ffi::{CStr, CString};
   3 │ 
   4 │ pub struct Value {
   5 │     ptr: *const ffi::SpineValue,
   6 │ }
   7 │ 
   8 │ impl Value {
   9 │     pub(crate) const fn from_ptr(ptr: *const ffi::SpineValue) -> Option<Self> {
  10 │         if ptr.is_null() {
  11 │             return None;
  12 │         }
  13 │         Some(Self { ptr })
  14 │     }
  15 │ 
  16 │     #[must_use] 
  17 │     pub fn value_type(&self) -> ValueType {
  18 │         match unsafe { ffi::spine_value_type(self.ptr) } {
  19 │             1 => ValueType::Bool,
  20 │             2 => ValueType::Number,
  21 │             3 => ValueType::String,
  22 │             4 => ValueType::Array,
  23 │             5 => ValueType::Object,
  24 │             6 => ValueType::Tagged,
  25 │             _ => ValueType::Null,
  26 │         }
  27 │     }
  28 │ 
  29 │     #[must_use] 
  30 │     pub fn as_bool(&self) -> Option<bool> {
  31 │         match self.value_type() {
  32 │             ValueType::Bool => Some(unsafe { ffi::spine_value_bool(self.ptr) }),
  33 │             _ => None,
  34 │         }
  35 │     }
  36 │ 
  37 │     #[must_use] 
  38 │     pub fn as_f64(&self) -> Option<f64> {
  39 │         match self.value_type() {
  40 │             ValueType::Number => Some(unsafe { ffi::spine_value_number(self.ptr) }),
  41 │             _ => None,
  42 │         }
  43 │     }
  44 │ 
  45 │     #[must_use] 
  46 │     pub fn as_str(&self) -> Option<String> {
  47 │         match self.value_type() {
  48 │             ValueType::String => {
  49 │                 let ptr = unsafe { ffi::spine_value_string(self.ptr) };
  50 │                 if ptr.is_null() {
  51 │                     return None;
  52 │                 }
  53 │                 let s = unsafe { CStr::from_ptr(ptr) }
  54 │                     .to_string_lossy()
  55 │                     .into_owned();
  56 │                 unsafe {
  57 │                     ffi::spine_free_string(ptr);
  58 │                 }
  59 │                 Some(s)
  60 │             }
  61 │             _ => None,
  62 │         }
  63 │     }
  64 │ 
  65 │     #[must_use] 
  66 │     pub fn tag(&self) -> Option<(String, String)> {
  67 │         match self.value_type() {
  68 │             ValueType::Tagged => {
  69 │                 let tag_ptr = unsafe { ffi::spine_value_tag(self.ptr) };
  70 │                 let content_ptr = unsafe { ffi::spine_value_tag_content(self.ptr) };
  71 │                 if tag_ptr.is_null() || content_ptr.is_null() {
  72 │                     return None;
  73 │                 }
  74 │                 let tag = unsafe { CStr::from_ptr(tag_ptr) }
  75 │                     .to_string_lossy()
  76 │                     .into_owned();
  77 │                 let content = unsafe { CStr::from_ptr(content_ptr) }
  78 │                     .to_string_lossy()
  79 │                     .into_owned();
  80 │                 unsafe {
  81 │                     ffi::spine_free_string(tag_ptr);
  82 │                 }
  83 │                 unsafe {
  84 │                     ffi::spine_free_string(content_ptr);
  85 │                 }
  86 │                 Some((tag, content))
  87 │             }
  88 │             _ => None,
  89 │         }
  90 │     }
  91 │ 
  92 │     #[must_use] 
  93 │     pub fn is_empty(&self) -> bool {
  94 │         self.len() == 0
  95 │     }
  96 │ 
  97 │     #[must_use] 
  98 │     pub fn len(&self) -> usize {
  99 │         match self.value_type() {
 100 │             ValueType::Array => usize::try_from(unsafe { ffi::spine_array_len(self.ptr) }).unwrap_or(0),
 101 │             ValueType::Object => usize::try_from(unsafe { ffi::spine_object_len(self.ptr) }).unwrap_or(0),
 102 │             _ => 0,
 103 │         }
 104 │     }
 105 │ 
 106 │     #[must_use] 
 107 │     pub fn get_index(&self, index: usize) -> Option<Self> {
 108 │         match self.value_type() {
 109 │             ValueType::Array => {
 110 │                 let ptr = unsafe { ffi::spine_array_get(self.ptr, index as u64) };
 111 │                 Self::from_ptr(ptr)
 112 │             }
 113 │             _ => None,
 114 │         }
 115 │     }
 116 │ 
 117 │     #[must_use] 
 118 │     pub fn get(&self, key: &str) -> Option<Self> {
 119 │         match self.value_type() {
 120 │             ValueType::Object => {
 121 │                 let key = CString::new(key).ok()?;
 122 │                 let ptr = unsafe { ffi::spine_object_get(self.ptr, key.as_ptr()) };
 123 │                 Self::from_ptr(ptr)
 124 │             }
 125 │             _ => None,
 126 │         }
 127 │     }
 128 │ 
 129 │     #[must_use] 
 130 │     pub fn key_at(&self, index: usize) -> Option<String> {
 131 │         match self.value_type() {
 132 │             ValueType::Object => {
 133 │                 let ptr = unsafe { ffi::spine_object_key(self.ptr, index as u64) };
 134 │                 if ptr.is_null() {
 135 │                     return None;
 136 │                 }
 137 │                 let s = unsafe { CStr::from_ptr(ptr) }
 138 │                     .to_string_lossy()
 139 │                     .into_owned();
 140 │                 unsafe {
 141 │                     ffi::spine_free_string(ptr);
 142 │                 }
 143 │                 Some(s)
 144 │             }
 145 │             _ => None,
 146 │         }
 147 │     }
 148 │ }
 149 │ 
 150 │ impl Drop for Value {
 151 │     fn drop(&mut self) {
 152 │         unsafe {
 153 │             ffi::spine_free_value(self.ptr.cast_mut());
 154 │         }
 155 │     }
 156 │ }
 157 │ 
 158 │ pub enum ValueType {
 159 │     Null,
 160 │     Bool,
 161 │     Number,
 162 │     String,
 163 │     Array,
 164 │     Object,
 165 │     Tagged,
 166 │ }
─────┴──────────────────────────────────────────────────────────────────────────
─────┬──────────────────────────────────────────────────────────────────────────
     │ File: spinelib/src/document.rs
─────┼──────────────────────────────────────────────────────────────────────────
   1 │ use crate::ffi;
   2 │ use crate::value::Value;
   3 │ use std::{
   4 │     ffi::{CStr, CString},
   5 │     fs,
   6 │     path::PathBuf,
   7 │ };
   8 │ 
   9 │ pub struct Document {
  10 │     ptr: *mut ffi::SpineDoc,
  11 │ }
  12 │ 
  13 │ #[derive(Debug)]
  14 │ pub enum DocError {
  15 │     Io(std::io::Error),
  16 │     Parse(Vec<String>),
  17 │ }
  18 │ 
  19 │ impl From<std::io::Error> for DocError {
  20 │     fn from(e: std::io::Error) -> Self {
  21 │         Self::Io(e)
  22 │     }
  23 │ }
  24 │ 
  25 │ impl From<Vec<String>> for DocError {
  26 │     fn from(e: Vec<String>) -> Self {
  27 │         Self::Parse(e)
  28 │     }
  29 │ }
  30 │ 
  31 │ impl std::fmt::Debug for Document {
  32 │     fn fmt(&self, f: &mut std::fmt::Formatter) -> std::fmt::Result {
  33 │         write!(f, "Document")
  34 │     }
  35 │ }
  36 │ 
  37 │ impl Document {
  38 │     fn from_ptr(ptr: *mut ffi::SpineDoc) -> Result<Self, DocError> {
  39 │         if ptr.is_null() {
  40 │             return Err(DocError::Parse(vec![
  41 │                 "spine_parse returned null".to_string(),
  42 │             ]));
  43 │         }
  44 │         let doc = Self { ptr };
  45 │         if unsafe { ffi::spine_has_errors(ptr) } {
  46 │             let err_ptr = unsafe { ffi::spine_get_errors(ptr) };
  47 │             let errors = if err_ptr.is_null() {
  48 │                 vec!["unknown parse error".to_string()]
  49 │             } else {
  50 │                 let s = unsafe { CStr::from_ptr(err_ptr) }
  51 │                     .to_string_lossy()
  52 │                     .into_owned();
  53 │                 unsafe {
  54 │                     ffi::spine_free_string(err_ptr);
  55 │                 }
  56 │                 return Err(DocError::Parse(vec![s]));
  57 │             };
  58 │             return Err(DocError::Parse(errors));
  59 │         }
  60 │         Ok(doc)
  61 │     }
  62 │ 
  63 │     #[must_use]
  64 │     pub fn from_str_or_panic(input: impl Into<String>) -> Self {
  65 │         Self::from_str(input).unwrap_or_else(|errors| {
  66 │             match &errors {
  67 │                 DocError::Parse(errs) => {
  68 │                     for e in errs {
  69 │                         println!("{e}");
  70 │                     }
  71 │                 }
  72 │                 DocError::Io(e) => {
  73 │                     println!("{e}");
  74 │                 }
  75 │             }
  76 │             std::process::exit(1)
  77 │         })
  78 │     }
  79 │ 
  80 │     /// Loads a Spine document from a file path.
  81 │     ///
  82 │     /// # Errors
  83 │     ///
  84 │     /// Returns a `DocError` if the file cannot be read or the content is invalid.
  85 │     pub fn from_path(path: impl Into<PathBuf>) -> Result<Self, DocError> {
  86 │         let path = path.into();
  87 │         let contents = fs::read_to_string(&path)?;
  88 │         let c_input =
  89 │             CString::new(contents).map_err(|_| vec!["invalid input string".to_string()])?;
  90 │         let filename = path.to_string_lossy();
  91 │         let c_filename = CString::new(filename.as_ref()).ok();
  92 │         let ptr = unsafe {
  93 │             ffi::spine_parse_named(
  94 │                 c_input.as_ptr(),
  95 │                 c_filename.as_ref().map_or(std::ptr::null(), |f| f.as_ptr()),
  96 │             )
  97 │         };
  98 │         Self::from_ptr(ptr)
  99 │     }
 100 │ 
 101 │     /// Parses a Spine document from a string.
 102 │     ///
 103 │     /// # Errors
 104 │     ///
 105 │     /// Returns a `DocError` if the string contains a null byte or the content is invalid.
 106 │     #[allow(clippy::should_implement_trait)]
 107 │     pub fn from_str(input: impl Into<String>) -> Result<Self, DocError> {
 108 │         let input = input.into();
 109 │         let c_input = CString::new(input).map_err(|_| vec!["invalid input string".to_string()])?;
 110 │         let ptr = unsafe { ffi::spine_parse(c_input.as_ptr()) };
 111 │         Self::from_ptr(ptr)
 112 │     }
 113 │ 
 114 │     #[must_use]
 115 │     pub fn root(&self) -> Option<Value> {
 116 │         let ptr = unsafe { ffi::spine_doc_root(self.ptr) };
 117 │         Value::from_ptr(ptr)
 118 │     }
 119 │ }
 120 │ 
 121 │ impl Drop for Document {
 122 │     fn drop(&mut self) {
 123 │         unsafe {
 124 │             ffi::spine_free_doc(self.ptr);
 125 │         }
 126 │     }
 127 │ }
─────┴──────────────────────────────────────────────────────────────────────────
─────┬──────────────────────────────────────────────────────────────────────────
     │ File: spinelib/src/ffi.rs
─────┼──────────────────────────────────────────────────────────────────────────
   1 │ use std::os::raw::{c_char, c_double, c_int, c_ulong};
   2 │ 
   3 │ #[repr(C)]
   4 │ pub struct SpineDoc {
   5 │     _private: [u8; 0],
   6 │ }
   7 │ 
   8 │ #[repr(C)]
   9 │ pub struct SpineValue {
  10 │     _private: [u8; 0],
  11 │ }
  12 │ 
  13 │ unsafe extern "C" {
  14 │     pub fn spine_parse(input: *const c_char) -> *mut SpineDoc;
  15 │     pub fn spine_parse_named(input: *const c_char, filename: *const c_char) -> *mut SpineDoc;
  16 │     pub fn spine_has_errors(doc: *const SpineDoc) -> bool;
  17 │     pub fn spine_get_errors(doc: *const SpineDoc) -> *mut c_char;
  18 │     pub fn spine_doc_root(doc: *const SpineDoc) -> *const SpineValue;
  19 │     pub fn spine_value_type(val: *const SpineValue) -> c_int;
  20 │     pub fn spine_value_bool(val: *const SpineValue) -> bool;
  21 │     pub fn spine_value_number(val: *const SpineValue) -> c_double;
  22 │     pub fn spine_value_string(val: *const SpineValue) -> *mut c_char;
  23 │     pub fn spine_value_tag(val: *const SpineValue) -> *mut c_char;
  24 │     pub fn spine_value_tag_content(val: *const SpineValue) -> *mut c_char;
  25 │     pub fn spine_array_len(val: *const SpineValue) -> c_ulong;
  26 │     pub fn spine_array_get(val: *const SpineValue, index: c_ulong) -> *const SpineValue;
  27 │     pub fn spine_object_len(val: *const SpineValue) -> c_ulong;
  28 │     pub fn spine_object_key(val: *const SpineValue, index: c_ulong) -> *mut c_char;
  29 │     pub fn spine_object_get(val: *const SpineValue, key: *const c_char) -> *const SpineValue;
  30 │     pub fn spine_free_doc(doc: *mut SpineDoc);
  31 │     pub fn spine_free_value(val: *mut SpineValue);
  32 │     pub fn spine_free_string(s: *mut c_char);
  33 │ }
─────┴──────────────────────────────────────────────────────────────────────────
─────┬──────────────────────────────────────────────────────────────────────────
     │ File: spinelib/src/tests.rs
─────┼──────────────────────────────────────────────────────────────────────────
   1 │ use super::*;
   2 │ use crate::document::DocError;
   3 │ use std::{path::PathBuf, str::FromStr};
   4 │ 
   5 │ #[test]
   6 │ fn test_ffi_traverse() {
   7 │     let src = "server\n| host = localhost\n| port = 8080\n";
   8 │     let doc = Document::from_str_or_panic(src);
   9 │     let root = doc.root().expect("no root");
  10 │     let server = root.get("server").expect("no server");
  11 │     let host = server.get("host").expect("no host");
  12 │     let port = server.get("port").expect("no port");
  13 │     assert_eq!(host.as_str().unwrap(), "localhost");
  14 │     assert!((port.as_f64().unwrap() - 8080.0).abs() < f64::EPSILON);
  15 │ }
  16 │ 
  17 │ #[test]
  18 │ fn test_ffi_errors_survive_boundary() {
  19 │     let src = "host = localhost\nhost = example.com\n";
  20 │     let result = Document::from_str(src);
  21 │     assert!(result.is_err());
  22 │     let DocError::Parse(errors) = result.unwrap_err() else {
  23 │         panic!("expected parse error");
  24 │     };
  25 │     assert!(!errors.is_empty());
  26 │     assert!(errors[0].contains("duplicate-key"));
  27 │     println!("{}", errors[0]);
  28 │ }
  29 │ 
  30 │ #[test]
  31 │ fn test_ffi_multiple_errors_survive_boundary() {
  32 │     let src = "age = 18\nemail = alice@tuta.io\n\nage = 12\nemail = alice@example.com";
  33 │     let result = Document::from_str(src);
  34 │     assert!(result.is_err());
  35 │     let DocError::Parse(errors) = result.unwrap_err() else {
  36 │         panic!("expected parse error");
  37 │     };
  38 │     assert!(!errors.is_empty());
  39 │     println!("{}", errors[0]);
  40 │ }
  41 │ 
  42 │ #[test]
  43 │ fn test_ffi_filename_in_error() {
  44 │     let path = PathBuf::from_str("invalid.spn").unwrap();
  45 │     let result = Document::from_path(path);
  46 │     assert!(result.is_err());
  47 │     let DocError::Parse(errors) = result.unwrap_err() else {
  48 │         panic!("expected parse error");
  49 │     };
  50 │     assert!(!errors.is_empty());
  51 │     assert!(errors[0].contains("invalid.spn"), "got: {}", errors[0]);
  52 │     println!("{}", errors[0]);
  53 │ }
  54 │ 
  55 │ #[test]
  56 │ fn test_ffi_from_file() {
  57 │     let path = PathBuf::from_str("../example.spn").unwrap();
  58 │     let value = Document::from_path(path);
  59 │     assert!(value.is_ok());
  60 │     println!("{:?}", value.unwrap());
  61 │ }
  62 │ 
  63 │ #[test]
  64 │ fn test_ffi_dotted_append() {
  65 │     let src =
  66 │         "server\n| host = localhost\n~server.users\n| name = alice\n~server.users\n| name = bob\n";
  67 │     let doc = Document::from_str_or_panic(src);
  68 │     let root = doc.root().expect("no root");
  69 │     let server = root.get("server").expect("no server");
  70 │     let users = server.get("users").expect("no users array");
  71 │     assert_eq!(users.len(), 2);
  72 │     let alice = users.get_index(0).expect("no alice");
  73 │     let bob = users.get_index(1).expect("no bob");
  74 │     assert_eq!(alice.get("name").unwrap().as_str().unwrap(), "alice");
  75 │     assert_eq!(bob.get("name").unwrap().as_str().unwrap(), "bob");
  76 │ }
─────┴──────────────────────────────────────────────────────────────────────────
